api/src/ai/ai.controller.ts(13,3): error TS1241: Unable to resolve signature of method decorator when called as an expression.
  The runtime will invoke the decorator with 2 arguments, but the decorator expects 3.
api/src/ai/ai.controller.ts(13,4): error TS1270: Decorator function return type 'void | TypedPropertyDescriptor<unknown>' is not assignable to type 'void | ((body: PipelineDto) => Promise<any>)'.
  Type 'TypedPropertyDescriptor<unknown>' is not assignable to type 'void | ((body: PipelineDto) => Promise<any>)'.
api/src/ai/ai.controller.ts(14,3): error TS1241: Unable to resolve signature of method decorator when called as an expression.
  The runtime will invoke the decorator with 2 arguments, but the decorator expects 3.
api/src/ai/ai.controller.ts(14,4): error TS1270: Decorator function return type 'void | TypedPropertyDescriptor<unknown>' is not assignable to type 'void | ((body: PipelineDto) => Promise<any>)'.
  Type 'TypedPropertyDescriptor<unknown>' is not assignable to type 'void | ((body: PipelineDto) => Promise<any>)'.
api/src/ai/ai.controller.ts(17,21): error TS1206: Decorators are not valid here.
api/src/ai/dto/pipeline.dto.ts(4,4): error TS1240: Unable to resolve signature of property decorator when called as an expression.
  Argument of type 'undefined' is not assignable to parameter of type 'Object'.
api/src/ai/dto/pipeline.dto.ts(5,3): error TS2564: Property 'pipeline' has no initializer and is not definitely assigned in the constructor.
api/src/ai/dto/pipeline.dto.ts(7,4): error TS1240: Unable to resolve signature of property decorator when called as an expression.
  Argument of type 'undefined' is not assignable to parameter of type 'Object'.
api/src/app.controller.spec.ts(5,1): error TS2582: Cannot find name 'describe'. Do you need to install type definitions for a test runner? Try `npm i --save-dev @types/jest` or `npm i --save-dev @types/mocha`.
api/src/app.controller.spec.ts(8,3): error TS2304: Cannot find name 'beforeEach'.
api/src/app.controller.spec.ts(17,3): error TS2582: Cannot find name 'describe'. Do you need to install type definitions for a test runner? Try `npm i --save-dev @types/jest` or `npm i --save-dev @types/mocha`.
api/src/app.controller.spec.ts(18,5): error TS2582: Cannot find name 'it'. Do you need to install type definitions for a test runner? Try `npm i --save-dev @types/jest` or `npm i --save-dev @types/mocha`.
api/src/app.controller.spec.ts(19,7): error TS2304: Cannot find name 'expect'.
api/src/app.controller.spec.ts(23,3): error TS2582: Cannot find name 'describe'. Do you need to install type definitions for a test runner? Try `npm i --save-dev @types/jest` or `npm i --save-dev @types/mocha`.
api/src/app.controller.spec.ts(24,5): error TS2582: Cannot find name 'it'. Do you need to install type definitions for a test runner? Try `npm i --save-dev @types/jest` or `npm i --save-dev @types/mocha`.
api/src/app.controller.spec.ts(25,7): error TS2304: Cannot find name 'expect'.
api/src/app.controller.ts(10,3): error TS1241: Unable to resolve signature of method decorator when called as an expression.
  The runtime will invoke the decorator with 2 arguments, but the decorator expects 3.
api/src/app.controller.ts(10,4): error TS1270: Decorator function return type 'void | TypedPropertyDescriptor<unknown>' is not assignable to type 'void | (() => string)'.
  Type 'TypedPropertyDescriptor<unknown>' is not assignable to type 'void | (() => string)'.
api/src/app.controller.ts(11,3): error TS1241: Unable to resolve signature of method decorator when called as an expression.
  The runtime will invoke the decorator with 2 arguments, but the decorator expects 3.
api/src/app.controller.ts(11,4): error TS1270: Decorator function return type 'void | TypedPropertyDescriptor<unknown>' is not assignable to type 'void | (() => string)'.
  Type 'TypedPropertyDescriptor<unknown>' is not assignable to type 'void | (() => string)'.
api/src/app.controller.ts(17,3): error TS1241: Unable to resolve signature of method decorator when called as an expression.
  The runtime will invoke the decorator with 2 arguments, but the decorator expects 3.
api/src/app.controller.ts(17,4): error TS1270: Decorator function return type 'void | TypedPropertyDescriptor<unknown>' is not assignable to type 'void | (() => object)'.
  Type 'TypedPropertyDescriptor<unknown>' is not assignable to type 'void | (() => object)'.
api/src/app.controller.ts(18,3): error TS1241: Unable to resolve signature of method decorator when called as an expression.
  The runtime will invoke the decorator with 2 arguments, but the decorator expects 3.
api/src/app.controller.ts(18,4): error TS1270: Decorator function return type 'void | TypedPropertyDescriptor<unknown>' is not assignable to type 'void | (() => object)'.
  Type 'TypedPropertyDescriptor<unknown>' is not assignable to type 'void | (() => object)'.
api/src/journal/dto/create-journal.dto.ts(2,82): error TS2307: Cannot find module 'class-validator' or its corresponding type declarations.
api/src/journal/dto/create-journal.dto.ts(3,22): error TS2307: Cannot find module 'class-transformer' or its corresponding type declarations.
api/src/journal/dto/create-journal.dto.ts(6,4): error TS1240: Unable to resolve signature of property decorator when called as an expression.
  Argument of type 'undefined' is not assignable to parameter of type 'Object'.
api/src/journal/dto/create-journal.dto.ts(9,3): error TS2564: Property 'content' has no initializer and is not definitely assigned in the constructor.
api/src/journal/dto/create-journal.dto.ts(11,4): error TS1240: Unable to resolve signature of property decorator when called as an expression.
  Argument of type 'undefined' is not assignable to parameter of type 'Object'.
api/src/journal/dto/create-journal.dto.ts(13,3): error TS2564: Property 'section_order' has no initializer and is not definitely assigned in the constructor.
api/src/journal/dto/create-journal.dto.ts(17,4): error TS1240: Unable to resolve signature of property decorator when called as an expression.
  Argument of type 'undefined' is not assignable to parameter of type 'Object'.
api/src/journal/dto/create-journal.dto.ts(20,3): error TS2564: Property 'userId' has no initializer and is not definitely assigned in the constructor.
api/src/journal/dto/create-journal.dto.ts(22,4): error TS1240: Unable to resolve signature of property decorator when called as an expression.
  Argument of type 'undefined' is not assignable to parameter of type 'Object'.
api/src/journal/dto/create-journal.dto.ts(27,4): error TS1240: Unable to resolve signature of property decorator when called as an expression.
  Argument of type 'undefined' is not assignable to parameter of type 'Object'.
api/src/journal/dto/create-journal.dto.ts(30,3): error TS2564: Property 'overall_mood' has no initializer and is not definitely assigned in the constructor.
api/src/journal/dto/create-journal.dto.ts(32,4): error TS1240: Unable to resolve signature of property decorator when called as an expression.
  Argument of type 'undefined' is not assignable to parameter of type 'Object'.
api/src/journal/dto/create-journal.dto.ts(36,3): error TS2564: Property 'sections' has no initializer and is not definitely assigned in the constructor.
api/src/journal/journal.controller.ts(11,3): error TS1241: Unable to resolve signature of method decorator when called as an expression.
  The runtime will invoke the decorator with 2 arguments, but the decorator expects 3.
api/src/journal/journal.controller.ts(11,4): error TS1270: Decorator function return type 'void | TypedPropertyDescriptor<unknown>' is not assignable to type 'void | ((createJournalDto: CreateJournalDto) => Promise<{ sections: { content: string; id: string; created_at: Date; section_order: number; journal_entry_id: string; }[]; } & { ...; }>)'.
  Type 'TypedPropertyDescriptor<unknown>' is not assignable to type 'void | ((createJournalDto: CreateJournalDto) => Promise<{ sections: { content: string; id: string; created_at: Date; section_order: number; journal_entry_id: string; }[]; } & { ...; }>)'.
api/src/journal/journal.controller.ts(12,3): error TS1241: Unable to resolve signature of method decorator when called as an expression.
  The runtime will invoke the decorator with 2 arguments, but the decorator expects 3.
api/src/journal/journal.controller.ts(12,4): error TS1270: Decorator function return type 'void | TypedPropertyDescriptor<unknown>' is not assignable to type 'void | ((createJournalDto: CreateJournalDto) => Promise<{ sections: { content: string; id: string; created_at: Date; section_order: number; journal_entry_id: string; }[]; } & { ...; }>)'.
  Type 'TypedPropertyDescriptor<unknown>' is not assignable to type 'void | ((createJournalDto: CreateJournalDto) => Promise<{ sections: { content: string; id: string; created_at: Date; section_order: number; journal_entry_id: string; }[]; } & { ...; }>)'.
api/src/journal/journal.controller.ts(14,16): error TS1206: Decorators are not valid here.
api/src/journal/journal.controller.ts(18,3): error TS1241: Unable to resolve signature of method decorator when called as an expression.
  The runtime will invoke the decorator with 2 arguments, but the decorator expects 3.
api/src/journal/journal.controller.ts(18,4): error TS1270: Decorator function return type 'void | TypedPropertyDescriptor<unknown>' is not assignable to type 'void | ((userId: string) => Promise<({ sections: { content: string; id: string; created_at: Date; section_order: number; journal_entry_id: string; }[]; } & { user_id: string; id: string; created_at: Date; title: string | null; overall_mood: string; updated_at: Date; })[]>)'.
  Type 'TypedPropertyDescriptor<unknown>' is not assignable to type 'void | ((userId: string) => Promise<({ sections: { content: string; id: string; created_at: Date; section_order: number; journal_entry_id: string; }[]; } & { user_id: string; id: string; created_at: Date; title: string | null; overall_mood: string; updated_at: Date; })[]>)'.
api/src/journal/journal.controller.ts(19,3): error TS1241: Unable to resolve signature of method decorator when called as an expression.
  The runtime will invoke the decorator with 2 arguments, but the decorator expects 3.
api/src/journal/journal.controller.ts(19,4): error TS1270: Decorator function return type 'void | TypedPropertyDescriptor<unknown>' is not assignable to type 'void | ((userId: string) => Promise<({ sections: { content: string; id: string; created_at: Date; section_order: number; journal_entry_id: string; }[]; } & { user_id: string; id: string; created_at: Date; title: string | null; overall_mood: string; updated_at: Date; })[]>)'.
  Type 'TypedPropertyDescriptor<unknown>' is not assignable to type 'void | ((userId: string) => Promise<({ sections: { content: string; id: string; created_at: Date; section_order: number; journal_entry_id: string; }[]; } & { user_id: string; id: string; created_at: Date; title: string | null; overall_mood: string; updated_at: Date; })[]>)'.
api/src/journal/journal.controller.ts(21,17): error TS1206: Decorators are not valid here.
api/src/journal/journal.controller.ts(25,3): error TS1241: Unable to resolve signature of method decorator when called as an expression.
  The runtime will invoke the decorator with 2 arguments, but the decorator expects 3.
api/src/journal/journal.controller.ts(25,4): error TS1270: Decorator function return type 'void | TypedPropertyDescriptor<unknown>' is not assignable to type 'void | ((id: string) => Promise<{ sections: { content: string; id: string; created_at: Date; section_order: number; journal_entry_id: string; }[]; } & { user_id: string; id: string; created_at: Date; title: string | null; overall_mood: string; updated_at: Date; }>)'.
  Type 'TypedPropertyDescriptor<unknown>' is not assignable to type 'void | ((id: string) => Promise<{ sections: { content: string; id: string; created_at: Date; section_order: number; journal_entry_id: string; }[]; } & { user_id: string; id: string; created_at: Date; title: string | null; overall_mood: string; updated_at: Date; }>)'.
api/src/journal/journal.controller.ts(26,3): error TS1241: Unable to resolve signature of method decorator when called as an expression.
  The runtime will invoke the decorator with 2 arguments, but the decorator expects 3.
api/src/journal/journal.controller.ts(26,4): error TS1270: Decorator function return type 'void | TypedPropertyDescriptor<unknown>' is not assignable to type 'void | ((id: string) => Promise<{ sections: { content: string; id: string; created_at: Date; section_order: number; journal_entry_id: string; }[]; } & { user_id: string; id: string; created_at: Date; title: string | null; overall_mood: string; updated_at: Date; }>)'.
  Type 'TypedPropertyDescriptor<unknown>' is not assignable to type 'void | ((id: string) => Promise<{ sections: { content: string; id: string; created_at: Date; section_order: number; journal_entry_id: string; }[]; } & { user_id: string; id: string; created_at: Date; title: string | null; overall_mood: string; updated_at: Date; }>)'.
api/src/journal/journal.controller.ts(29,17): error TS1206: Decorators are not valid here.
api/src/journal/journal.controller.ts(33,3): error TS1241: Unable to resolve signature of method decorator when called as an expression.
  The runtime will invoke the decorator with 2 arguments, but the decorator expects 3.
api/src/journal/journal.controller.ts(33,4): error TS1270: Decorator function return type 'void | TypedPropertyDescriptor<unknown>' is not assignable to type 'void | ((id: string) => Promise<{ user_id: string; id: string; created_at: Date; title: string | null; overall_mood: string; updated_at: Date; }>)'.
  Type 'TypedPropertyDescriptor<unknown>' is not assignable to type 'void | ((id: string) => Promise<{ user_id: string; id: string; created_at: Date; title: string | null; overall_mood: string; updated_at: Date; }>)'.
api/src/journal/journal.controller.ts(34,3): error TS1241: Unable to resolve signature of method decorator when called as an expression.
  The runtime will invoke the decorator with 2 arguments, but the decorator expects 3.
api/src/journal/journal.controller.ts(34,4): error TS1270: Decorator function return type 'void | TypedPropertyDescriptor<unknown>' is not assignable to type 'void | ((id: string) => Promise<{ user_id: string; id: string; created_at: Date; title: string | null; overall_mood: string; updated_at: Date; }>)'.
  Type 'TypedPropertyDescriptor<unknown>' is not assignable to type 'void | ((id: string) => Promise<{ user_id: string; id: string; created_at: Date; title: string | null; overall_mood: string; updated_at: Date; }>)'.
api/src/journal/journal.controller.ts(36,16): error TS1206: Decorators are not valid here.
api/src/plugins/dto/plugin.dto.ts(4,4): error TS1240: Unable to resolve signature of property decorator when called as an expression.
  Argument of type 'undefined' is not assignable to parameter of type 'Object'.
api/src/plugins/dto/plugin.dto.ts(5,3): error TS2564: Property 'userId' has no initializer and is not definitely assigned in the constructor.
api/src/plugins/dto/plugin.dto.ts(7,4): error TS1240: Unable to resolve signature of property decorator when called as an expression.
  Argument of type 'undefined' is not assignable to parameter of type 'Object'.
api/src/plugins/dto/plugin.dto.ts(8,3): error TS2564: Property 'pluginId' has no initializer and is not definitely assigned in the constructor.
api/src/plugins/plugin.controller.ts(11,3): error TS1241: Unable to resolve signature of method decorator when called as an expression.
  The runtime will invoke the decorator with 2 arguments, but the decorator expects 3.
api/src/plugins/plugin.controller.ts(11,4): error TS1270: Decorator function return type 'void | TypedPropertyDescriptor<unknown>' is not assignable to type 'void | (() => Promise<{ description: string; name: string; id: string; icon: string; author: string; category: string; price: number; rating: number; reviews: number; installs: string; code: string; verified: boolean; createdAt: Date; updatedAt: Date; }[]>)'.
  Type 'TypedPropertyDescriptor<unknown>' is not assignable to type 'void | (() => Promise<{ description: string; name: string; id: string; icon: string; author: string; category: string; price: number; rating: number; reviews: number; installs: string; code: string; verified: boolean; createdAt: Date; updatedAt: Date; }[]>)'.
api/src/plugins/plugin.controller.ts(12,3): error TS1241: Unable to resolve signature of method decorator when called as an expression.
  The runtime will invoke the decorator with 2 arguments, but the decorator expects 3.
api/src/plugins/plugin.controller.ts(12,4): error TS1270: Decorator function return type 'void | TypedPropertyDescriptor<unknown>' is not assignable to type 'void | (() => Promise<{ description: string; name: string; id: string; icon: string; author: string; category: string; price: number; rating: number; reviews: number; installs: string; code: string; verified: boolean; createdAt: Date; updatedAt: Date; }[]>)'.
  Type 'TypedPropertyDescriptor<unknown>' is not assignable to type 'void | (() => Promise<{ description: string; name: string; id: string; icon: string; author: string; category: string; price: number; rating: number; reviews: number; installs: string; code: string; verified: boolean; createdAt: Date; updatedAt: Date; }[]>)'.
api/src/plugins/plugin.controller.ts(18,3): error TS1241: Unable to resolve signature of method decorator when called as an expression.
  The runtime will invoke the decorator with 2 arguments, but the decorator expects 3.
api/src/plugins/plugin.controller.ts(18,4): error TS1270: Decorator function return type 'void | TypedPropertyDescriptor<unknown>' is not assignable to type 'void | ((userId: string) => Promise<({ plugin: { description: string; name: string; id: string; icon: string; author: string; category: string; price: number; rating: number; reviews: number; installs: string; code: string; verified: boolean; createdAt: Date; updatedAt: Date; }; } & { ...; })[]>)'.
  Type 'TypedPropertyDescriptor<unknown>' is not assignable to type 'void | ((userId: string) => Promise<({ plugin: { description: string; name: string; id: string; icon: string; author: string; category: string; price: number; rating: number; reviews: number; installs: string; code: string; verified: boolean; createdAt: Date; updatedAt: Date; }; } & { ...; })[]>)'.
api/src/plugins/plugin.controller.ts(19,3): error TS1241: Unable to resolve signature of method decorator when called as an expression.
  The runtime will invoke the decorator with 2 arguments, but the decorator expects 3.
api/src/plugins/plugin.controller.ts(19,4): error TS1270: Decorator function return type 'void | TypedPropertyDescriptor<unknown>' is not assignable to type 'void | ((userId: string) => Promise<({ plugin: { description: string; name: string; id: string; icon: string; author: string; category: string; price: number; rating: number; reviews: number; installs: string; code: string; verified: boolean; createdAt: Date; updatedAt: Date; }; } & { ...; })[]>)'.
  Type 'TypedPropertyDescriptor<unknown>' is not assignable to type 'void | ((userId: string) => Promise<({ plugin: { description: string; name: string; id: string; icon: string; author: string; category: string; price: number; rating: number; reviews: number; installs: string; code: string; verified: boolean; createdAt: Date; updatedAt: Date; }; } & { ...; })[]>)'.
api/src/plugins/plugin.controller.ts(22,29): error TS1206: Decorators are not valid here.
api/src/plugins/plugin.controller.ts(26,3): error TS1241: Unable to resolve signature of method decorator when called as an expression.
  The runtime will invoke the decorator with 2 arguments, but the decorator expects 3.
api/src/plugins/plugin.controller.ts(26,4): error TS1270: Decorator function return type 'void | TypedPropertyDescriptor<unknown>' is not assignable to type 'void | ((data: InstallPluginDto) => Promise<{ id: string; createdAt: Date; userId: string; pluginId: string; }>)'.
  Type 'TypedPropertyDescriptor<unknown>' is not assignable to type 'void | ((data: InstallPluginDto) => Promise<{ id: string; createdAt: Date; userId: string; pluginId: string; }>)'.
api/src/plugins/plugin.controller.ts(27,3): error TS1241: Unable to resolve signature of method decorator when called as an expression.
  The runtime will invoke the decorator with 2 arguments, but the decorator expects 3.
api/src/plugins/plugin.controller.ts(27,4): error TS1270: Decorator function return type 'void | TypedPropertyDescriptor<unknown>' is not assignable to type 'void | ((data: InstallPluginDto) => Promise<{ id: string; createdAt: Date; userId: string; pluginId: string; }>)'.
  Type 'TypedPropertyDescriptor<unknown>' is not assignable to type 'void | ((data: InstallPluginDto) => Promise<{ id: string; createdAt: Date; userId: string; pluginId: string; }>)'.
api/src/plugins/plugin.controller.ts(29,23): error TS1206: Decorators are not valid here.
api/src/users/dto/login.dto.ts(4,4): error TS1240: Unable to resolve signature of property decorator when called as an expression.
  Argument of type 'undefined' is not assignable to parameter of type 'Object'.
api/src/users/dto/login.dto.ts(5,3): error TS2564: Property 'email' has no initializer and is not definitely assigned in the constructor.
api/src/users/dto/login.dto.ts(7,4): error TS1240: Unable to resolve signature of property decorator when called as an expression.
  Argument of type 'undefined' is not assignable to parameter of type 'Object'.
api/src/users/dto/sync-user.dto.ts(5,4): error TS1240: Unable to resolve signature of property decorator when called as an expression.
  Argument of type 'undefined' is not assignable to parameter of type 'Object'.
api/src/users/dto/sync-user.dto.ts(6,3): error TS2564: Property 'email' has no initializer and is not definitely assigned in the constructor.
api/src/users/dto/sync-user.dto.ts(8,4): error TS1240: Unable to resolve signature of property decorator when called as an expression.
  Argument of type 'undefined' is not assignable to parameter of type 'Object'.
api/src/users/dto/sync-user.dto.ts(11,4): error TS1240: Unable to resolve signature of property decorator when called as an expression.
  Argument of type 'undefined' is not assignable to parameter of type 'Object'.
api/src/users/dto/sync-user.dto.ts(14,4): error TS1240: Unable to resolve signature of property decorator when called as an expression.
  Argument of type 'undefined' is not assignable to parameter of type 'Object'.
api/src/users/dto/sync-user.dto.ts(17,4): error TS1240: Unable to resolve signature of property decorator when called as an expression.
  Argument of type 'undefined' is not assignable to parameter of type 'Object'.
api/src/users/dto/update-profile.dto.ts(5,4): error TS1240: Unable to resolve signature of property decorator when called as an expression.
  Argument of type 'undefined' is not assignable to parameter of type 'Object'.
api/src/users/dto/update-profile.dto.ts(6,3): error TS2564: Property 'email' has no initializer and is not definitely assigned in the constructor.
api/src/users/dto/update-profile.dto.ts(8,4): error TS1240: Unable to resolve signature of property decorator when called as an expression.
  Argument of type 'undefined' is not assignable to parameter of type 'Object'.
api/src/users/dto/update-profile.dto.ts(9,3): error TS2564: Property 'age_group' has no initializer and is not definitely assigned in the constructor.
api/src/users/dto/update-profile.dto.ts(11,4): error TS1240: Unable to resolve signature of property decorator when called as an expression.
  Argument of type 'undefined' is not assignable to parameter of type 'Object'.
api/src/users/dto/update-profile.dto.ts(12,3): error TS2564: Property 'personality_type' has no initializer and is not definitely assigned in the constructor.
api/src/users/dto/update-profile.dto.ts(14,4): error TS1240: Unable to resolve signature of property decorator when called as an expression.
  Argument of type 'undefined' is not assignable to parameter of type 'Object'.
api/src/users/dto/update-profile.dto.ts(15,3): error TS2564: Property 'goals' has no initializer and is not definitely assigned in the constructor.
api/src/users/dto/update-profile.dto.ts(17,4): error TS1240: Unable to resolve signature of property decorator when called as an expression.
  Argument of type 'undefined' is not assignable to parameter of type 'Object'.
api/src/users/dto/update-profile.dto.ts(18,3): error TS2564: Property 'reminders' has no initializer and is not definitely assigned in the constructor.
api/src/users/dto/verify-otp.dto.ts(4,4): error TS1240: Unable to resolve signature of property decorator when called as an expression.
  Argument of type 'undefined' is not assignable to parameter of type 'Object'.
api/src/users/dto/verify-otp.dto.ts(5,3): error TS2564: Property 'email' has no initializer and is not definitely assigned in the constructor.
api/src/users/dto/verify-otp.dto.ts(7,4): error TS1240: Unable to resolve signature of property decorator when called as an expression.
  Argument of type 'undefined' is not assignable to parameter of type 'Object'.
api/src/users/dto/verify-otp.dto.ts(8,3): error TS2564: Property 'otp' has no initializer and is not definitely assigned in the constructor.
api/src/users/users.controller.spec.ts(4,1): error TS2582: Cannot find name 'describe'. Do you need to install type definitions for a test runner? Try `npm i --save-dev @types/jest` or `npm i --save-dev @types/mocha`.
api/src/users/users.controller.spec.ts(7,3): error TS2304: Cannot find name 'beforeEach'.
api/src/users/users.controller.spec.ts(15,3): error TS2582: Cannot find name 'it'. Do you need to install type definitions for a test runner? Try `npm i --save-dev @types/jest` or `npm i --save-dev @types/mocha`.
api/src/users/users.controller.spec.ts(16,5): error TS2304: Cannot find name 'expect'.
api/src/users/users.controller.ts(19,3): error TS1241: Unable to resolve signature of method decorator when called as an expression.
  The runtime will invoke the decorator with 2 arguments, but the decorator expects 3.
api/src/users/users.controller.ts(19,4): error TS1270: Decorator function return type 'void | TypedPropertyDescriptor<unknown>' is not assignable to type 'void | ((data: SyncUserDto) => Promise<{ name: string | null; email: string; id: string; createdAt: Date; updatedAt: Date; password_hash: string; auth_type: AuthType; ... 5 more ...; is_verified: boolean; }>)'.
  Type 'TypedPropertyDescriptor<unknown>' is not assignable to type 'void | ((data: SyncUserDto) => Promise<{ name: string | null; email: string; id: string; createdAt: Date; updatedAt: Date; password_hash: string; auth_type: AuthType; ... 5 more ...; is_verified: boolean; }>)'.
api/src/users/users.controller.ts(20,3): error TS1241: Unable to resolve signature of method decorator when called as an expression.
  The runtime will invoke the decorator with 2 arguments, but the decorator expects 3.
api/src/users/users.controller.ts(20,4): error TS1270: Decorator function return type 'void | TypedPropertyDescriptor<unknown>' is not assignable to type 'void | ((data: SyncUserDto) => Promise<{ name: string | null; email: string; id: string; createdAt: Date; updatedAt: Date; password_hash: string; auth_type: AuthType; ... 5 more ...; is_verified: boolean; }>)'.
  Type 'TypedPropertyDescriptor<unknown>' is not assignable to type 'void | ((data: SyncUserDto) => Promise<{ name: string | null; email: string; id: string; createdAt: Date; updatedAt: Date; password_hash: string; auth_type: AuthType; ... 5 more ...; is_verified: boolean; }>)'.
api/src/users/users.controller.ts(22,18): error TS1206: Decorators are not valid here.
api/src/users/users.controller.ts(26,3): error TS1241: Unable to resolve signature of method decorator when called as an expression.
  The runtime will invoke the decorator with 2 arguments, but the decorator expects 3.
api/src/users/users.controller.ts(26,4): error TS1270: Decorator function return type 'void | TypedPropertyDescriptor<unknown>' is not assignable to type 'void | ((email: string) => Promise<{ available: boolean; }>)'.
  Type 'TypedPropertyDescriptor<unknown>' is not assignable to type 'void | ((email: string) => Promise<{ available: boolean; }>)'.
api/src/users/users.controller.ts(27,3): error TS1241: Unable to resolve signature of method decorator when called as an expression.
  The runtime will invoke the decorator with 2 arguments, but the decorator expects 3.
api/src/users/users.controller.ts(27,4): error TS1270: Decorator function return type 'void | TypedPropertyDescriptor<unknown>' is not assignable to type 'void | ((email: string) => Promise<{ available: boolean; }>)'.
  Type 'TypedPropertyDescriptor<unknown>' is not assignable to type 'void | ((email: string) => Promise<{ available: boolean; }>)'.
api/src/users/users.controller.ts(30,20): error TS1206: Decorators are not valid here.
api/src/users/users.controller.ts(35,3): error TS1241: Unable to resolve signature of method decorator when called as an expression.
  The runtime will invoke the decorator with 2 arguments, but the decorator expects 3.
api/src/users/users.controller.ts(35,4): error TS1270: Decorator function return type 'void | TypedPropertyDescriptor<unknown>' is not assignable to type 'void | ((data: LoginDto) => Promise<{ name: string | null; email: string; id: string; createdAt: Date; updatedAt: Date; password_hash: string; auth_type: AuthType; ... 5 more ...; is_verified: boolean; }>)'.
  Type 'TypedPropertyDescriptor<unknown>' is not assignable to type 'void | ((data: LoginDto) => Promise<{ name: string | null; email: string; id: string; createdAt: Date; updatedAt: Date; password_hash: string; auth_type: AuthType; ... 5 more ...; is_verified: boolean; }>)'.
api/src/users/users.controller.ts(36,3): error TS1241: Unable to resolve signature of method decorator when called as an expression.
  The runtime will invoke the decorator with 2 arguments, but the decorator expects 3.
api/src/users/users.controller.ts(36,4): error TS1270: Decorator function return type 'void | TypedPropertyDescriptor<unknown>' is not assignable to type 'void | ((data: LoginDto) => Promise<{ name: string | null; email: string; id: string; createdAt: Date; updatedAt: Date; password_hash: string; auth_type: AuthType; ... 5 more ...; is_verified: boolean; }>)'.
  Type 'TypedPropertyDescriptor<unknown>' is not assignable to type 'void | ((data: LoginDto) => Promise<{ name: string | null; email: string; id: string; createdAt: Date; updatedAt: Date; password_hash: string; auth_type: AuthType; ... 5 more ...; is_verified: boolean; }>)'.
api/src/users/users.controller.ts(40,15): error TS1206: Decorators are not valid here.
api/src/users/users.controller.ts(56,3): error TS1241: Unable to resolve signature of method decorator when called as an expression.
  The runtime will invoke the decorator with 2 arguments, but the decorator expects 3.
api/src/users/users.controller.ts(56,4): error TS1270: Decorator function return type 'void | TypedPropertyDescriptor<unknown>' is not assignable to type 'void | ((data: UpdateProfileDto) => Promise<{ name: string | null; email: string; id: string; createdAt: Date; updatedAt: Date; password_hash: string; auth_type: AuthType; ... 5 more ...; is_verified: boolean; }>)'.
  Type 'TypedPropertyDescriptor<unknown>' is not assignable to type 'void | ((data: UpdateProfileDto) => Promise<{ name: string | null; email: string; id: string; createdAt: Date; updatedAt: Date; password_hash: string; auth_type: AuthType; ... 5 more ...; is_verified: boolean; }>)'.
api/src/users/users.controller.ts(57,3): error TS1241: Unable to resolve signature of method decorator when called as an expression.
  The runtime will invoke the decorator with 2 arguments, but the decorator expects 3.
api/src/users/users.controller.ts(57,4): error TS1270: Decorator function return type 'void | TypedPropertyDescriptor<unknown>' is not assignable to type 'void | ((data: UpdateProfileDto) => Promise<{ name: string | null; email: string; id: string; createdAt: Date; updatedAt: Date; password_hash: string; auth_type: AuthType; ... 5 more ...; is_verified: boolean; }>)'.
  Type 'TypedPropertyDescriptor<unknown>' is not assignable to type 'void | ((data: UpdateProfileDto) => Promise<{ name: string | null; email: string; id: string; createdAt: Date; updatedAt: Date; password_hash: string; auth_type: AuthType; ... 5 more ...; is_verified: boolean; }>)'.
api/src/users/users.controller.ts(59,23): error TS1206: Decorators are not valid here.
api/src/users/users.controller.ts(69,3): error TS1241: Unable to resolve signature of method decorator when called as an expression.
  The runtime will invoke the decorator with 2 arguments, but the decorator expects 3.
api/src/users/users.controller.ts(69,4): error TS1270: Decorator function return type 'void | TypedPropertyDescriptor<unknown>' is not assignable to type 'void | ((email: string) => Promise<{ name: string | null; email: string; id: string; createdAt: Date; updatedAt: Date; password_hash: string; auth_type: AuthType; age_group: string | null; ... 4 more ...; is_verified: boolean; } | null>)'.
  Type 'TypedPropertyDescriptor<unknown>' is not assignable to type 'void | ((email: string) => Promise<{ name: string | null; email: string; id: string; createdAt: Date; updatedAt: Date; password_hash: string; auth_type: AuthType; age_group: string | null; ... 4 more ...; is_verified: boolean; } | null>)'.
api/src/users/users.controller.ts(70,3): error TS1241: Unable to resolve signature of method decorator when called as an expression.
  The runtime will invoke the decorator with 2 arguments, but the decorator expects 3.
api/src/users/users.controller.ts(70,4): error TS1270: Decorator function return type 'void | TypedPropertyDescriptor<unknown>' is not assignable to type 'void | ((email: string) => Promise<{ name: string | null; email: string; id: string; createdAt: Date; updatedAt: Date; password_hash: string; auth_type: AuthType; age_group: string | null; ... 4 more ...; is_verified: boolean; } | null>)'.
  Type 'TypedPropertyDescriptor<unknown>' is not assignable to type 'void | ((email: string) => Promise<{ name: string | null; email: string; id: string; createdAt: Date; updatedAt: Date; password_hash: string; auth_type: AuthType; age_group: string | null; ... 4 more ...; is_verified: boolean; } | null>)'.
api/src/users/users.controller.ts(72,17): error TS1206: Decorators are not valid here.
api/src/users/users.controller.ts(76,3): error TS1241: Unable to resolve signature of method decorator when called as an expression.
  The runtime will invoke the decorator with 2 arguments, but the decorator expects 3.
api/src/users/users.controller.ts(76,4): error TS1270: Decorator function return type 'void | TypedPropertyDescriptor<unknown>' is not assignable to type 'void | ((data: { email: string; }) => Promise<{ success: boolean; }>)'.
  Type 'TypedPropertyDescriptor<unknown>' is not assignable to type 'void | ((data: { email: string; }) => Promise<{ success: boolean; }>)'.
api/src/users/users.controller.ts(77,3): error TS1241: Unable to resolve signature of method decorator when called as an expression.
  The runtime will invoke the decorator with 2 arguments, but the decorator expects 3.
api/src/users/users.controller.ts(77,4): error TS1270: Decorator function return type 'void | TypedPropertyDescriptor<unknown>' is not assignable to type 'void | ((data: { email: string; }) => Promise<{ success: boolean; }>)'.
  Type 'TypedPropertyDescriptor<unknown>' is not assignable to type 'void | ((data: { email: string; }) => Promise<{ success: boolean; }>)'.
api/src/users/users.controller.ts(79,17): error TS1206: Decorators are not valid here.
api/src/users/users.controller.ts(85,3): error TS1241: Unable to resolve signature of method decorator when called as an expression.
  The runtime will invoke the decorator with 2 arguments, but the decorator expects 3.
api/src/users/users.controller.ts(85,4): error TS1270: Decorator function return type 'void | TypedPropertyDescriptor<unknown>' is not assignable to type 'void | ((data: VerifyOtpDto) => Promise<{ success: boolean; }>)'.
  Type 'TypedPropertyDescriptor<unknown>' is not assignable to type 'void | ((data: VerifyOtpDto) => Promise<{ success: boolean; }>)'.
api/src/users/users.controller.ts(86,3): error TS1241: Unable to resolve signature of method decorator when called as an expression.
  The runtime will invoke the decorator with 2 arguments, but the decorator expects 3.
api/src/users/users.controller.ts(86,4): error TS1270: Decorator function return type 'void | TypedPropertyDescriptor<unknown>' is not assignable to type 'void | ((data: VerifyOtpDto) => Promise<{ success: boolean; }>)'.
  Type 'TypedPropertyDescriptor<unknown>' is not assignable to type 'void | ((data: VerifyOtpDto) => Promise<{ success: boolean; }>)'.
api/src/users/users.controller.ts(89,19): error TS1206: Decorators are not valid here.
api/src/users/users.service.spec.ts(4,1): error TS2582: Cannot find name 'describe'. Do you need to install type definitions for a test runner? Try `npm i --save-dev @types/jest` or `npm i --save-dev @types/mocha`.
api/src/users/users.service.spec.ts(7,3): error TS2304: Cannot find name 'beforeEach'.
api/src/users/users.service.spec.ts(15,3): error TS2582: Cannot find name 'it'. Do you need to install type definitions for a test runner? Try `npm i --save-dev @types/jest` or `npm i --save-dev @types/mocha`.
api/src/users/users.service.spec.ts(16,5): error TS2304: Cannot find name 'expect'.
api/src/voice/dto/voice.dto.ts(4,4): error TS1240: Unable to resolve signature of property decorator when called as an expression.
  Argument of type 'undefined' is not assignable to parameter of type 'Object'.
api/src/voice/dto/voice.dto.ts(5,3): error TS2564: Property 'text' has no initializer and is not definitely assigned in the constructor.
api/src/voice/dto/voice.dto.ts(7,4): error TS1240: Unable to resolve signature of property decorator when called as an expression.
  Argument of type 'undefined' is not assignable to parameter of type 'Object'.
api/src/voice/dto/voice.dto.ts(12,4): error TS1240: Unable to resolve signature of property decorator when called as an expression.
  Argument of type 'undefined' is not assignable to parameter of type 'Object'.
api/src/voice/voice.controller.ts(16,3): error TS1241: Unable to resolve signature of method decorator when called as an expression.
  The runtime will invoke the decorator with 2 arguments, but the decorator expects 3.
api/src/voice/voice.controller.ts(16,4): error TS1270: Decorator function return type 'void | TypedPropertyDescriptor<unknown>' is not assignable to type 'void | ((data: TextToSpeechDto) => Promise<{ success: boolean; audioUrl: string; message?: undefined; } | { success: boolean; message: any; audioUrl?: undefined; }>)'.
  Type 'TypedPropertyDescriptor<unknown>' is not assignable to type 'void | ((data: TextToSpeechDto) => Promise<{ success: boolean; audioUrl: string; message?: undefined; } | { success: boolean; message: any; audioUrl?: undefined; }>)'.
api/src/voice/voice.controller.ts(17,3): error TS1241: Unable to resolve signature of method decorator when called as an expression.
  The runtime will invoke the decorator with 2 arguments, but the decorator expects 3.
api/src/voice/voice.controller.ts(17,4): error TS1270: Decorator function return type 'void | TypedPropertyDescriptor<unknown>' is not assignable to type 'void | ((data: TextToSpeechDto) => Promise<{ success: boolean; audioUrl: string; message?: undefined; } | { success: boolean; message: any; audioUrl?: undefined; }>)'.
  Type 'TypedPropertyDescriptor<unknown>' is not assignable to type 'void | ((data: TextToSpeechDto) => Promise<{ success: boolean; audioUrl: string; message?: undefined; } | { success: boolean; message: any; audioUrl?: undefined; }>)'.
api/src/voice/voice.controller.ts(19,22): error TS1206: Decorators are not valid here.
api/src/voice/voice.controller.ts(31,41): error TS18046: 'error' is of type 'unknown'.
api/src/voice/voice.controller.ts(35,3): error TS1241: Unable to resolve signature of method decorator when called as an expression.
  The runtime will invoke the decorator with 2 arguments, but the decorator expects 3.
api/src/voice/voice.controller.ts(35,4): error TS1270: Decorator function return type 'void | TypedPropertyDescriptor<unknown>' is not assignable to type 'void | ((file: File) => Promise<{ success: boolean; text: string; message?: undefined; } | { success: boolean; message: any; text?: undefined; }>)'.
  Type 'TypedPropertyDescriptor<unknown>' is not assignable to type 'void | ((file: File) => Promise<{ success: boolean; text: string; message?: undefined; } | { success: boolean; message: any; text?: undefined; }>)'.
api/src/voice/voice.controller.ts(36,3): error TS1241: Unable to resolve signature of method decorator when called as an expression.
  The runtime will invoke the decorator with 2 arguments, but the decorator expects 3.
api/src/voice/voice.controller.ts(36,4): error TS1270: Decorator function return type 'void | TypedPropertyDescriptor<unknown>' is not assignable to type 'void | ((file: File) => Promise<{ success: boolean; text: string; message?: undefined; } | { success: boolean; message: any; text?: undefined; }>)'.
  Type 'TypedPropertyDescriptor<unknown>' is not assignable to type 'void | ((file: File) => Promise<{ success: boolean; text: string; message?: undefined; } | { success: boolean; message: any; text?: undefined; }>)'.
api/src/voice/voice.controller.ts(38,3): error TS1241: Unable to resolve signature of method decorator when called as an expression.
  The runtime will invoke the decorator with 2 arguments, but the decorator expects 3.
api/src/voice/voice.controller.ts(38,4): error TS1270: Decorator function return type 'void | TypedPropertyDescriptor<unknown>' is not assignable to type 'void | ((file: File) => Promise<{ success: boolean; text: string; message?: undefined; } | { success: boolean; message: any; text?: undefined; }>)'.
  Type 'TypedPropertyDescriptor<unknown>' is not assignable to type 'void | ((file: File) => Promise<{ success: boolean; text: string; message?: undefined; } | { success: boolean; message: any; text?: undefined; }>)'.
api/src/voice/voice.controller.ts(55,22): error TS1206: Decorators are not valid here.
api/src/voice/voice.controller.ts(67,41): error TS18046: 'error' is of type 'unknown'.
api/src/voice/voice.service.ts(46,143): error TS18046: 'error' is of type 'unknown'.
api/src/voice/voice.service.ts(76,126): error TS18046: 'error' is of type 'unknown'.
app/(auth)/splash.tsx(12,59): error TS2345: Argument of type '"/(auth)/login"' is not assignable to parameter of type '"/journal" | RelativePathString | ExternalPathString | "/call-agent" | `/call-agent?${string}` | `/call-agent#${string}` | "/" | `/?${string}` | `/#${string}` | "/../api/src/journal/dto/create-journal.dto" | ... 104 more ... | { ...; }'.
app/(tabs)/chat.tsx(47,9): error TS7034: Variable 'messages' implicitly has type 'any[]' in some locations where its type cannot be determined.
app/(tabs)/chat.tsx(95,17): error TS7005: Variable 'messages' implicitly has an 'any[]' type.
app/(tabs)/journal.tsx(145,15): error TS2322: Type 'string | null | undefined' is not assignable to type 'string | null'.
  Type 'undefined' is not assignable to type 'string | null'.
app/(tabs)/journal.tsx(146,15): error TS2322: Type 'number | null | undefined' is not assignable to type 'number | null'.
  Type 'undefined' is not assignable to type 'number | null'.
app/(tabs)/plugins.tsx(318,26): error TS7006: Parameter 't' implicitly has an 'any' type.
hooks/use-journal.ts(9,42): error TS2304: Cannot find name 'JournalEntry'.
